npm warn Unknown env config "http-proxy". This will stop working in the next major version of npm.

> ludys-app-reconstructed@0.14.0-reconstructed.9 check
> npm run canon:check && npm run test:canon && npm run reconstruction && npm run lint && npm run architecture && npm run secret:scan && npm run build && npm run provider:package:check && npm run test:provider-runtime && npm run staging:generate:check && npm run external-activation:checksums:check && npm run test:compiled && npm run pilot:review:check && npm run operations:validate:compiled && npm run provider:decision:validate:compiled && npm run staging:validate:compiled && npm run external-activation:validate:compiled && npm run test:provider-staging-operator-gates && npm run test:external-resource-operator && npm run test:external-cloud-control && npm run test:external-wif-control && npm run test:external-vercel-control && npm run test:external-vercel-risk-decision && npm run test:external-deploy-identity && npm run test:external-activation-gate && npm run test:external-activation-orchestrator && npm run test:emulator-proof-state && npm run test:emulator-confirmation && npm run test:receipt-integrity && npm run test:pinned-git-toolchain && npm run test:external-process-boundary && npm run test:external-preview && npm run test:browser-resolver && npm run test:browser-cleanup && npm run test:pwa-contract && npm run test:browser && npm run test:knowledge-browser && npm run test:readiness-browser && npm run test:lifecycle-browser && npm run test:app-browser && npm run test:pwa-browser && npm run test:corpus-browser && npm run test:authoring-browser && npm run test:provider-decision-browser && npm run test:exercises-browser

npm warn Unknown env config "http-proxy". This will stop working in the next major version of npm.

> ludys-app-reconstructed@0.14.0-reconstructed.9 canon:check
> node scripts/canon-check.mjs

Skynja canon verified: 9 source hashes, 50 principles, 20 retained rules, 9 migration workstreams; no runtime activation.
npm warn Unknown env config "http-proxy". This will stop working in the next major version of npm.

> ludys-app-reconstructed@0.14.0-reconstructed.9 test:canon
> node --test scripts/canon-check-test.mjs

✔ canon source alteration or a rewritten manifest is caught before rules can silently change (28.999227ms)
✔ dropping a principle or pretending adoption grants real-use activation is rejected (26.57626ms)
✔ dropping historical modules does not silently remove their proof constraints (7.207525ms)
✔ historical action/profile/multimodal restrictions stay scoped and do not resurrect as global product rules (1.925477ms)
✔ new modules still cannot grant pilot access, rank users or add unreviewed providers (0.522233ms)
ℹ tests 5
ℹ suites 0
ℹ pass 5
ℹ fail 0
ℹ cancelled 0
ℹ skipped 0
ℹ todo 0
ℹ duration_ms 208.659726
npm warn Unknown env config "http-proxy". This will stop working in the next major version of npm.

> ludys-app-reconstructed@0.14.0-reconstructed.9 reconstruction
> node scripts/reconstruction-check.mjs

Reconstruction identity and boundary check passed.
npm warn Unknown env config "http-proxy". This will stop working in the next major version of npm.

> ludys-app-reconstructed@0.14.0-reconstructed.9 lint
> node scripts/static-check.mjs

Static check passed: scoped historical proof and retained Skynja protections.
npm warn Unknown env config "http-proxy". This will stop working in the next major version of npm.

> ludys-app-reconstructed@0.14.0-reconstructed.9 architecture
> node scripts/architecture-check.mjs

Architecture boundary check passed.
npm warn Unknown env config "http-proxy". This will stop working in the next major version of npm.

> ludys-app-reconstructed@0.14.0-reconstructed.9 secret:scan
> node scripts/secret-scan.mjs

Secret scan passed.
npm warn Unknown env config "http-proxy". This will stop working in the next major version of npm.

> ludys-app-reconstructed@0.14.0-reconstructed.9 build
> npm run clean && tsc -p tsconfig.json

npm warn Unknown env config "http-proxy". This will stop working in the next major version of npm.

> ludys-app-reconstructed@0.14.0-reconstructed.9 clean
> node scripts/clean.mjs

npm warn Unknown env config "http-proxy". This will stop working in the next major version of npm.

> ludys-app-reconstructed@0.14.0-reconstructed.9 provider:package:check
> node scripts/build-wp13-12b-provider-package.mjs --check

WP13.12B provider package verified read-only (12 bound files); no filesystem or provider mutation executed.
npm warn Unknown env config "http-proxy". This will stop working in the next major version of npm.

> ludys-app-reconstructed@0.14.0-reconstructed.9 test:provider-runtime
> node scripts/provider-functions-runtime-test.mjs

WP13.12B Functions Framework runtime compatibility passed with uuid security override and zero external calls.
npm warn Unknown env config "http-proxy". This will stop working in the next major version of npm.

> ludys-app-reconstructed@0.14.0-reconstructed.9 staging:generate:check
> node scripts/generate-wp13-12b-staging.mjs --check

WP13.12B staging repository generation is deterministic and current (160 checksummed files).
npm warn Unknown env config "http-proxy". This will stop working in the next major version of npm.

> ludys-app-reconstructed@0.14.0-reconstructed.9 external-activation:checksums:check
> node scripts/wp13-12b-external-activation-checksums.mjs --check

WP13.12B external activation checksum coverage is deterministic and current (122 files).
npm warn Unknown env config "http-proxy". This will stop working in the next major version of npm.

> ludys-app-reconstructed@0.14.0-reconstructed.9 test:compiled
> node scripts/run-tests.mjs

✔ child projection never exposes adult card (2.410753ms)
✔ technical fixture registry is capped and explicitly non-production (2.911423ms)
✔ tracked WAV fixtures have deterministic PCM mono headers and checksums (9.056688ms)
✔ all eight WP13.8 activities become complete authoring packages (6.053056ms)
✔ BM and NN are mandatory explicit copies without fallback (0.77ms)
✔ reference chains are complete and each package has six audio specifications (0.278269ms)
✔ learning dimensions describe tasks and never child types (0.396108ms)
✔ publication, external receipts, real data and runtime AI remain permanently closed (2.342256ms)
✔ authoring JSON is deterministic, versioned and path-free (1.974362ms)
✔ pure SHA-256 implementation matches a fixed official vector (0.75178ms)
✔ every B8 gate has evidence requirements (1.375099ms)
✔ candidate pilot envelope is small, session-bound and explicitly unauthorized (0.303817ms)
✔ critical stop rules cover control, privacy and false relational belief (0.818681ms)
✔ measurement plan requires no application logging (0.257915ms)
✔ current assessment exposes post-decision conditions separately (0.977054ms)
✔ official source register covers school ownership, DPIA, ethics and AI watch (0.302487ms)
✔ WP13.11 has exactly 27 semantic artifacts and 54 first-class language artifacts (8.47369ms)
✔ every artifact exposes the complete review and withdrawal contract (1.017937ms)
✔ participant-directed drafts are permanently explicit and unauthorized (0.494581ms)
✔ measurement and data boundaries are exhaustive and non-personal (0.633259ms)
✔ authorization remains at the adult-only maximum (0.23228ms)
✔ two new proposals extend the workshop without changing historical packages or learner corpus (22.884779ms)
✔ new BM/NN text, model-only scripts and references form four separate locale variants (0.662588ms)
✔ new proposals reject fabricated review, missing rationale and mixed-locale references (2.656232ms)
✔ new workshop proposals survive export, edit, import and withdrawal without approval (60.06594ms)
✔ BM and NN bundles are reference-closed and valid (6.374506ms)
✔ generic praise and relational claims are rejected (0.338445ms)
✔ audio contract rejects direct file-path extensions (0.542665ms)
✔ stimulus audio must require a human voice (0.440968ms)
✔ WP13.2 word proof definitions and content bundles are reference-closed (2.015089ms)
✔ WP13.8 corpus has exactly four classes, eight activities and two per class (1.524132ms)
✔ all activity IDs and fixed stimulus pairs remain unchanged (0.8237ms)
✔ BM and NN are exact editorial pairs without silent locale fallback (0.706497ms)
✔ every corpus object is draft, synthetic, externally review-gated and not student beta (1.642594ms)
✔ reference closure has no orphaned knowledge, context or audio objects (3.259609ms)
✔ all audio remains unrecorded, user-started, stoppable and silent-capable (0.519417ms)
✔ review decisions preserve larger-change and review-only boundaries (0.283529ms)
✔ three progression edges remain adult-controlled draft hypotheses (0.128541ms)
✔ the draft catalog contains 13 exercises, seven kinds and 56 complete rounds in each language (16.230197ms)
✔ both earlier content proposals have five rounds and explicit source identities (0.689097ms)
✔ text evidence preserves meaning across languages and rejects every unsupported answer/evidence pair (1.427143ms)
✔ unknown, missing or misleading evidence links fail draft validation (1.005882ms)
✔ nynorsk has its own word, sentence and reading realizations with common semantic round ids (0.894596ms)
✔ judgment has multiple defensible choices and reading distinguishes unknown from false (0.35479ms)
✔ equivalent k tiles are interchangeable but the same tile cannot be reused (0.436471ms)
✔ missing locale, fake review, duplicate options and impossible compound answers fail validation (2.562207ms)
✔ WP13.3 release is reference-closed and within prototype size (4.304891ms)
✔ knowledge filters cover role, age, topic, need and time (1.199475ms)
✔ BM and NN variants share stable semantic IDs (0.650058ms)
✔ context card resolves to the same knowledge graph (0.418722ms)
✔ synthetic audio is explicitly internal review only (0.938259ms)
✔ spec-only audio uses reviewed text fallback (0.397813ms)
✔ vertical proof card points into the prototype graph (0.262048ms)
✔ withdrawn or stale audio cannot be previewed (1.214984ms)
✔ WP13.12A evaluates exactly the five mandatory provider options (4.609436ms)
✔ source-grounded recommendation is explicitly selected without opening provider activation (0.37556ms)
✔ region analysis re-verifies a co-located europe-north1 candidate without locking it (0.389974ms)
✔ owner decision is bound to the source package and preserves every approved scope ceiling (0.312965ms)
✔ all capability models are explicit and the recommendation creates no account identity (0.353671ms)
✔ dataflow and trust boundaries are complete and provider-free pure core remains explicit (0.277229ms)
✔ all prohibited data classes are NOT_COLLECTED and NOT_AUTHORIZED (0.390678ms)
✔ threat and no-go registers are exhaustive (0.353011ms)
✔ BM and NN are separate complete review-required bundles without fallback (2.290102ms)
✔ all official sources are current primary URLs with explicit decision limits (1.756237ms)
✔ STOP, explicit deletion and no-resurrection dominate TTL and backup (0.338714ms)
✔ review snapshots cover both complete language realizations and bind exact content with interoperable SHA-256 (109.726792ms)
✔ a language edit invalidates the bound review even without a revision bump and snapshots cannot mutate source (96.00307ms)
✔ restricted exercise and source IDs remove the text from screen, Markdown, JSON and review form (47.075634ms)
✔ review forms start empty for every round and locale without inventing reviewers or approvals (30.481882ms)
✔ exports include all evidence links, retry explanations and localized rounds; HTML in copy stays text (57.724347ms)
✔ current WP13.4 dossier is not decision-ready and authorizes nothing (2.530395ms)
✔ all decision requirements can only make dossier decision-ready for owner (0.819072ms)
✔ triggered reopen signal dominates otherwise satisfied evidence (1.339304ms)
✔ duplicate requirement ids are rejected (0.499287ms)
✔ duplicate artifact type and missing artifact fail closed (6.369091ms)
✔ missing NB, missing NN and locale parity mismatch fail closed (4.469677ms)
✔ student-approved draft and fabricated receipt fail closed (1.685949ms)
✔ student beta, recruitment, provider and production authorization fail closed (6.895636ms)
✔ student, engagement-like and readiness-like metrics cannot enter the allowed dictionary (3.873259ms)
✔ identifierguard rejects likely identifiers before storage (1.560133ms)
✔ provider decision validator rejects missing provider option (6.759625ms)
✔ provider decision validator rejects duplicate optionId (1.466265ms)
✔ provider decision validator rejects missing recommendation (1.31551ms)
✔ provider decision validator rejects multiple recommendations (1.362066ms)
✔ provider decision validator rejects recommendation without source (1.360777ms)
✔ provider decision validator rejects source without reverification marker (2.900454ms)
✔ provider decision validator rejects missing region analysis (2.63121ms)
✔ provider decision validator rejects executed region lock (1.193128ms)
✔ provider decision validator rejects missing capability option (2.66639ms)
✔ provider decision validator rejects stable identity in recommended option (1.351274ms)
✔ provider decision validator rejects direct client write (1.278426ms)
✔ provider decision validator rejects client-selected authority generation (1.16581ms)
✔ provider decision validator rejects real data in model (1.577623ms)
✔ provider decision validator rejects analytics activated (1.179185ms)
✔ provider decision validator rejects Cloud Storage activated (1.185298ms)
✔ provider decision validator rejects browser secret (1.159088ms)
✔ provider decision validator rejects request body logging (1.548628ms)
✔ provider decision validator rejects capability logging (1.155555ms)
✔ provider decision validator rejects TTL as immediate deletion (1.11728ms)
✔ provider decision validator rejects missing explicit deletion (1.173022ms)
✔ provider decision validator rejects missing tombstone (1.243456ms)
✔ provider decision validator rejects no-resurrection broken (1.800757ms)
✔ provider decision validator rejects overbroad service account (1.087939ms)
✔ provider decision validator rejects cost estimate as guarantee (1.089205ms)
✔ provider decision validator rejects billing alert as hard cap (1.23228ms)
✔ provider decision validator rejects missing kill switch owner field (1.088619ms)
✔ provider decision validator rejects missing exit plan (1.156429ms)
✔ provider decision validator rejects missing no-go (1.026898ms)
✔ provider decision validator rejects missing BM (1.120086ms)
✔ provider decision validator rejects missing NN (1.203668ms)
✔ provider decision validator rejects BM/NN status mismatch (1.426664ms)
✔ provider decision validator rejects missing explicit owner confirmation (1.427784ms)
✔ provider decision validator rejects wrong selected provider (1.175826ms)
✔ provider decision validator rejects missing approved boundary (1.145896ms)
✔ provider decision validator rejects WP13.12B opened by decision record (1.447519ms)
✔ provider decision validator rejects fabricated signature (1.796161ms)
✔ provider decision validator rejects provider activated (1.992896ms)
✔ provider decision validator rejects cloud resources greater than zero (1.359615ms)
✔ provider decision validator rejects B8 approved (1.067343ms)
✔ provider decision validator rejects student beta authorized (1.018357ms)
✔ provider decision validator rejects production authorized (1.268187ms)
✔ provider decision validator rejects WP13.12B opened (1.815931ms)
✔ valid package returns the exact machine-readable authorization ceiling (1.779928ms)
✔ app, content, knowledge, audio, operations and provider decision rollback independently (3.05092ms)
✔ withdrawn, unknown, incompatible and no-op rollback fail closed (0.349877ms)
✔ command envelope rejects duplicate, stale version, stale authority and delay without state mutation (3.428597ms)
✔ central state invariants reject corrupt terminal, pause, quiet, audio and support combinations (0.464795ms)
✔ valid Human-First sequence preserves WAIT, adult authority, quiet audio and STOP dominance (1.071647ms)
✔ seeded deterministic chaos validates invariants after 4096 command attempts (51.311348ms)
✔ lifecycle transition is deterministic for every state and event pair (3.871541ms)
✔ all required lifecycle states are reachable through explicit events (0.678445ms)
✔ rejected events return a typed visible error and never mutate state (2.267804ms)
✔ STOPPED cannot become ACTIVE again (0.427494ms)
✔ DELETED rejects every event and can never be revived (0.415418ms)
✔ recovery cannot bypass terminal dominance (0.215004ms)
✔ pause and WAIT retain explicit deterministic resume semantics (0.164731ms)
✔ valid owner decision authorizes repository work without provider activation (5.037157ms)
✔ missing owner-decision record fails closed (0.571493ms)
✔ wrong owner-decision checksum and source package checksum fail closed (0.288479ms)
✔ DEFER cannot authorize WP13.12B repository implementation (0.545795ms)
✔ REJECT cannot authorize WP13.12B repository implementation (0.315651ms)
✔ UNKNOWN cannot authorize WP13.12B repository implementation (0.257785ms)
✔ incomplete decision, fabricated signature and wrong release binding fail closed (0.388716ms)
✔ missing or contradictory owner conditions and automatic activation fail closed (0.304342ms)
✔ provider activation, cloud resources, B8, student beta and production fail closed (0.554986ms)
✔ valid staging repository contract preserves every scope ceiling (0.901382ms)
✔ staging validator rejects providerActivation=ACTIVE (0.397118ms)
✔ staging validator rejects cloudResources=1 (0.201192ms)
✔ staging validator rejects firebaseAuthentication=true (0.156889ms)
✔ staging validator rejects stableUid=true (0.156285ms)
✔ staging validator rejects directClientWrite=true (0.190767ms)
✔ staging validator rejects providerIsolation=false (0.2041ms)
✔ staging validator rejects pureCoreProviderFree=false (0.156411ms)
✔ staging validator rejects firestoreRulesDenyByDefault=false (0.134753ms)
✔ staging validator rejects serverAuthoritativeHandler=false (0.111054ms)
✔ staging validator rejects capabilityBearerOnly=false (0.077692ms)
✔ staging validator rejects explicitDeletion=false (0.103516ms)
✔ staging validator rejects tombstone=false (2.415651ms)
✔ staging validator rejects ttlBackstopOnly=false (2.578079ms)
✔ staging validator rejects backupAndPitrEnabled=true (0.179162ms)
✔ staging validator rejects killSwitch=false (0.082456ms)
✔ staging validator rejects noResurrection=false (0.07307ms)
✔ staging validator rejects roleProjectionIsolation=false (0.198773ms)
✔ staging validator rejects syntheticDataOnly=false (0.112845ms)
✔ staging validator rejects runtimeAi=true (0.101137ms)
✔ staging validator rejects externalReceipts=1 (0.07584ms)
✔ staging validator rejects physicalTwoDeviceProof=true (0.135143ms)
✔ staging validator rejects b8=APPROVED (0.105544ms)
✔ staging validator rejects studentBeta=AUTHORIZED (0.117378ms)
✔ staging validator rejects production=AUTHORIZED (0.091778ms)
✔ staging validator rejects wp13_12c=OPEN (0.158875ms)
✔ staging validator rejects missing no-go rules (0.264715ms)
✔ unfilled receipt template is valid structure but never evidence (1.120211ms)
✔ authentic receipt is bound to its explicit source commit and tree rather than current HEAD (0.987808ms)
✔ receipt rejects a wrong source tree and non-path artifact aliases (0.382413ms)
✔ filled receipt without signature, commands, hashes or provider ID is rejected (0.550097ms)
✔ filled receipts require nonempty proofResults whose values are true (1.16134ms)
✔ Firebase receipt binds exact project, region, functions and disabled-first safety proof (1.074744ms)
✔ IAM and billing receipt binds 400/500 NOK, owner, expiry, quotas, roles, keys and secret (3.347521ms)
✔ protected preview receipt binds exact protected non-production deployment and rollback (1.784605ms)
✔ provider receipt confirmation cannot be generic, reused or detached from evidence (0.727959ms)
✔ only exact v2 emulator challenge confirmation qualifies as challenge-bound (16.241085ms)
✔ receipt bound to wrong commit or claiming physical proof without devices is rejected (1.104234ms)
✔ complete physical receipt requires two distinct CHILD and ADULT devices and safety proof (1.389674ms)
✔ physical proof binds a distinct deletion session and each exact step scope (1.572461ms)
✔ physical proof binds a distinct known-valid rollback deployment and evidence (0.74884ms)
✔ physical PR3 families require exact protected-preview receipt and evidence binding (4.708541ms)
✔ physical handoff template documents the exact 27-step proof sequence (0.778302ms)
✔ physical receipt rejects empty device shells, duplicate roles and indistinguishable records (1.419714ms)
✔ physical device distinctness uses ephemeral evidence IDs, never timestamps (0.41234ms)
✔ physical devices bind one session/deployment and never record capability values (2.279562ms)
✔ physical receipt rejects a hollow checksum, fixture, preview, steps or confirmation (1.914519ms)
✔ physical proof requires adult operators, no participants and physically separate devices (1.36814ms)
✔ physical proof rejects missing, duplicate and unknown documented steps (3.142374ms)
✔ physical proof checksum and confirmation bind the exact evidence artifact (0.457223ms)
✔ physical receipt requires every role, lifecycle and safety result to be true (5.965334ms)
✔ physicalProof=true and expected physical proof both require the physical receipt type (0.399289ms)
✔ receipt cannot open B8, authorize beta/production or claim fabricated status (0.844008ms)
✔ external activation overlay preserves the historical repository snapshot (0.873627ms)
✔ historical emulator evidence cannot substitute for fresh v2 receipt evidence (3.410299ms)
✔ active external overlay requires all four authentic validated receipt types (1.986489ms)
✔ recorded physical overlay proof requires an authentically validated physical receipt (0.400746ms)
✔ PR3 remains not achieved until every exact proof family is receipt-derived (0.543034ms)
✔ PR3 is achieved iff the complete exact proof-family set validates (0.426596ms)
✔ external activation overlay cannot rewrite baseline or turn unknown inventory into zero (0.597343ms)
✔ pending external resource inventory is valid without claiming zero resources (0.937896ms)
✔ resource inventory schema allowlists the exact authenticated resource fields (0.244623ms)
✔ pending inventory rejects invented resources and provider observation claims (0.782897ms)
✔ authenticated inventory accepts only the complete synthetic resource contract (0.441828ms)
✔ authenticated inventory requires every exact resource field (5.484161ms)
✔ authenticated inventory rejects legacy, extra and secret-bearing fields (0.552062ms)
✔ authenticated inventory rejects duplicate resource IDs and unsafe paths (17.771273ms)
✔ authenticated inventory requires real ISO timestamps and immutable safety declarations (0.529421ms)
✔ same state and command produce identical transition (3.330041ms)
✔ one command creates at most one pedagogical intervention (0.471127ms)
✔ state contains no stable person identity (0.951888ms)
✔ synthetic multi-client uses one authoritative session with separate role projections (2.204181ms)
✔ WAIT is first-class and produces no adult card (0.373049ms)
✔ help creates an adult-only card without leaking it to child projection (0.381949ms)
✔ stale version, stale authority, duplicate and delayed commands never mutate stateversion (0.531137ms)
✔ STOP dominates delayed commands, clears help/audio and prevents resurrection (0.472005ms)
✔ explicit deletion creates terminal state and reconnect cannot resurrect (0.436782ms)
✔ synthetic aggregate contains no stable person identity or forbidden participant data (0.372111ms)
✔ wrong build resets tiles without inferring cause or emotion (2.964102ms)
✔ correct target requires adult confirmation before transfer (0.3375ms)
✔ independent target and transfer preserve evidence distinction (0.553422ms)
✔ support in current task prevents independent evidence (0.388209ms)
✔ stop clears selected material and is terminal (0.370426ms)
✔ controller starts with eight selectable source packages and no session mutation (10.390586ms)
✔ complete draft can be cloned to a new semantic activity ID (10.363848ms)
✔ BM and NN edits remain separate and mark only relevant audio stale (8.406039ms)
✔ audio script revision creates stale audio with a new script checksum (5.527685ms)
✔ clone, edit, deterministic export and validated import round-trip (10.349294ms)
✔ invalid imports cannot bypass schema, publishing, receipt or provider boundaries (52.172032ms)
✔ local signature is traceable but never an external receipt (7.545057ms)
✔ REVIEW_PENDING means handoff readiness and never approval (8.986385ms)
✔ technical take attachment and replacement stay non-production and unreviewed (6.781324ms)
✔ STOP interrupts audio and withdrawal removes every active take (11.87495ms)
✔ restrictive policy survives weaker updates and cannot resurrect package or audio (12.256537ms)
✔ B8 readiness view starts with all gates and no implicit authorization (1.668402ms)
✔ gate selection changes projection without changing the dossier (0.681849ms)
✔ adult-only local finding is accepted while likely PII is never stored (5.436244ms)
✔ STOP dominates pending help and a new explicit dry-run is required (2.068646ms)
✔ SEV0 contains the run, removes findings and blocks continuation (1.063483ms)
✔ deletion and reconnect preserve no-resurrection and remove records from new export (11.446527ms)
✔ identical input produces identical local review exports (3.348401ms)
✔ operations rollback is independent and withdrawn operations fail closed (0.508788ms)
✔ withdrawn artifact cannot be selected and NB/NN render independently (2.884163ms)
✔ CHANGES_REQUIRED is blocked in normal mode and selectable in review mode (7.047507ms)
✔ target, modelled practice, supported retry and transfer are separate evidence events (1.139407ms)
✔ withdrawn, stale and superseded activities cannot run (1.227139ms)
✔ class lifecycle dominates activity lifecycle and restrictions cannot resurrect content (2.5827ms)
✔ STOP interrupts requested audio specification and pending feedback (0.549264ms)
✔ every normal-mode eligible activity completes in both BM and NN (2.672243ms)
✔ every eligible activity completes through the authoritative app session in BM and NN (35.56228ms)
✔ a matching answer needs its own evidence, and changing either choice invalidates feedback (5.703683ms)
✔ missing information is an explicit evidence choice in both languages (2.999644ms)
✔ evidence pauses unchanged and cannot return after STOP or withdrawal (2.263859ms)
✔ a learner can retry a choice, use support, skip and complete without an ability score (5.644559ms)
✔ pause freezes the task, choices and language until an explicit resume (1.069063ms)
✔ STOP clears the attempt and late answers, resume and next cannot resurrect it (0.815696ms)
✔ restrictions follow a proposal into this room, stop active work and cannot be undone by an empty policy (0.785988ms)
✔ a reasonable choice and an explicit lack of information both permit reflection and progress (0.752228ms)
✔ catalog filters, keyboard controls, draft status and explicit nynorsk copy are rendered (1.683988ms)
✔ a shared policy routes new IDs without admitting unknown IDs or weakening legacy scope validation (5.665046ms)
✔ session issuance is IAM/operator protected and disabled by default (2.568298ms)
✔ issued CHILD and ADULT capabilities are short-lived, separate, opaque and session-bound (3.531977ms)
✔ capability is accepted only in Authorization Bearer and rejected in URL or body (4.464371ms)
✔ wrong role, wrong session, stale version and stale authority fail without mutation (3.191258ms)
✔ duplicate command and delayed command are rejected (2.171694ms)
✔ STOP revokes both role capabilities and dominates delayed commands (4.0394ms)
✔ explicit deletion writes tombstone, removes active payload and prevents reconnect resurrection (1.400405ms)
✔ kill switch blocks active session, delayed command, reconnect, cached capability and new session (1.200901ms)
✔ expired capability is rejected (0.620864ms)
✔ external runtime fails closed at the exact staging expiry while privileged deletion remains available (1.917043ms)
✔ command budget is enforced without changing state after exhaustion (9.120531ms)
✔ health reports the runtime phase and preserves all external staging ceilings (1.899345ms)
✔ HF-S01 WAIT produces no intervention (3.587268ms)
✔ HF-S02 REQUEST_QUIET suppresses audio without profiling (0.398716ms)
✔ HF-S03 adult can reject a card (0.374123ms)
✔ HF-S04 context correction stays session-bound (1.022207ms)
✔ HF-S05 stop dominates cards and audio (0.777399ms)
✔ HF-S06 support provenance cannot become independent evidence (0.353713ms)
✔ HF-S07 pause or timing never creates emotion inference (1.086963ms)
✔ HF-S08 human voice is a reviewed asset, not a persona (1.088997ms)
✔ HF-S09 BM and NN require exact locale resolution (0.978568ms)
✔ HF-S10 deleted session cannot be resurrected (0.760942ms)
✔ HF-S11 pause and stop remain explicit accessible commands (0.345084ms)
✔ HF-S12 repository has no runtime AI or provider dependency (12.902981ms)
✔ knowledge library defaults to twelve bilingual prototype units (1.449655ms)
✔ knowledge library filtering does not create a profile (0.536091ms)
✔ locale switch preserves semantic inventory and resets selection (0.326255ms)
✔ decision controller starts with the recorded decision and five visible options (2.213699ms)
✔ BM and NN switch explicitly and reject missing locale without fallback (1.078602ms)
✔ selected option comparison does not alter recommendation or authorization (2.666819ms)
✔ dossier export is deterministic and retains the authorization ceiling (30.591012ms)
✔ owner template export remains blank and contains no fabricated decision or signature (0.762692ms)
✔ BM and NN PWA status bundles are complete, reviewed and never claim sync (2.896433ms)
✔ updates are available only before start or in terminal session states (1.754253ms)
✔ offline shell policy cannot resurrect terminal state or reuse a new session id (7.742787ms)
✔ empty, malformed, invalid-shape and stale-schema storage fail closed (2.950632ms)
✔ content, reference and BM/NN mismatches invalidate without fallback (0.995413ms)
✔ missing, stale, withdrawn and invalid audio use explicit text-and-silence fallback (1.44552ms)
✔ broken invariants invalidate and terminal snapshots never resurrect on refresh (0.471905ms)
✔ runtime boundary stops audio and pending actions for every critical browser failure (0.903868ms)
✔ authoritative lifecycle controller enforces envelope idempotency, version, authority and time (1.70344ms)
✔ stale authority cannot cross STOP and delayed commands cannot resurrect (0.456864ms)
✔ full synthetic create, active, WAIT, pause, resume and completion scenario (2.087111ms)
✔ reconnect after STOP keeps the stopped projection (0.559137ms)
✔ reconnect after delete returns tombstone and no session content (0.736702ms)
✔ child and adult projections expose only role-authorized fields (0.235226ms)
✔ invalid controller transition is visible, typed and state-preserving (0.202145ms)
✔ stale snapshots cannot overwrite newer STOP or DELETE (0.929903ms)
✔ deterministic reconnect adapter simulates latency and every required outcome (0.383537ms)
✔ invalid payload and recovery success or failure remain explicit (0.278304ms)
✔ transport invalid payload creates visible INVALID view without network (0.554336ms)
✔ all lifecycle demo data and BM/NN markup are explicitly synthetic drafts (0.796515ms)
✔ limited evidence may be authorized within scope without becoming product validation; counterevidence stays visible (3.813547ms)
✔ strong evidence, a reviewed text, or a fabricated flag cannot replace a scoped runtime use decision (0.746542ms)
✔ missing, withdrawn, ambiguous and mismatched revisions fail closed throughout the evidence chain (1.105282ms)
✔ model memory, open-web fallback, user data and situational data cannot masquerade as domain library sources (0.438325ms)
✔ claim withdrawal, revocation, stale verification and malformed time prevent knowledge use (1.082361ms)
✔ UI language and dialect do not choose the written variant; missing NN review never falls back to BM (0.503254ms)
✔ selector gets a copy; the only delivered prose comes from the controlled library (4.374624ms)
✔ invented citations, prose, duplicate selections and extra model fields are rejected (1.686507ms)
✔ a knowledge gap abstains before selection; no fallback provider or web search is called (2.995543ms)
✔ stop before or during selection prevents a late answer even when the selector ignores cancellation (0.598759ms)
✔ revocation or changed library content while selection runs prevents stale or resurrected output (1.119361ms)
✔ stop immediately releases the caller even when selection never settles (0.436134ms)
✔ library or selector failure returns abstention without leaking errors or activating another source (0.652701ms)
✔ normal journey exposes welcome, explicit creation, role loading and orientation (4.32603ms)
✔ child and adult are restricted projections of one authoritative session (2.725851ms)
✔ WAIT, help, dismissible adult card, visible provenance, quiet, pause and resume work (2.521455ms)
✔ full word journey completes with a neutral summary (1.449188ms)
✔ STOP and delete dominate reconnect while a new session has no leaked state (2.103416ms)
✔ stale recovery returns to the same active local session (0.748854ms)
✔ BM and NN are explicit complete bundles without fallback (2.566141ms)
✔ child and adult projections share one authoritative snapshot (2.321246ms)
✔ adult WAIT dismisses card without creating support provenance (0.310296ms)
✔ adult model is recorded and target cannot become independent (0.553712ms)
✔ independent target followed by independent new word becomes near transfer (0.318732ms)
✔ quiet mode blocks audio while reviewed text remains (1.014319ms)
✔ stop dominates both session and learning proof (0.383545ms)
ℹ tests 343
ℹ suites 0
ℹ pass 343
ℹ fail 0
ℹ cancelled 0
ℹ skipped 0
ℹ todo 0
ℹ duration_ms 1092.244891
npm warn Unknown env config "http-proxy". This will stop working in the next major version of npm.

> ludys-app-reconstructed@0.14.0-reconstructed.9 pilot:review:check
> node scripts/generate-skynja-review.mjs --check

{
  "status": "REVIEW_PACKAGE_CURRENT",
  "exerciseCount": 13,
  "semanticRoundCount": 56,
  "localizedRoundCount": 112,
  "contentSetSha256": "05abc9fb68c9b2c0eb16751cec463b9b7a793464a86bdb49392218553b6f3923",
  "humanReview": "AWAITING_HUMAN_REVIEW",
  "pilotAuthorization": "NOT_GRANTED"
}
npm warn Unknown env config "http-proxy". This will stop working in the next major version of npm.

> ludys-app-reconstructed@0.14.0-reconstructed.9 operations:validate:compiled
> node scripts/validate-wp13-11-operations.mjs

{
  "valid": true,
  "errors": [],
  "warnings": [],
  "readiness": "READY_FOR_ADULT_ONLY_DRY_RUN",
  "studentBetaAuthorized": false,
  "externalReceipts": 0,
  "semanticArtifactCount": 27,
  "languageArtifactCount": 54
}
npm warn Unknown env config "http-proxy". This will stop working in the next major version of npm.

> ludys-app-reconstructed@0.14.0-reconstructed.9 provider:decision:validate:compiled
> node scripts/validate-wp13-12a-decision.mjs

{
  "valid": true,
  "errors": [],
  "warnings": [],
  "packageStatus": "OWNER_DECISION_RECORDED",
  "ownerDecision": "APPROVE_RECOMMENDED_SYNTHETIC_DEV",
  "providerActivation": "BLOCKED",
  "cloudResources": 0,
  "externalReceipts": 0,
  "studentBetaAuthorized": false
}
npm warn Unknown env config "http-proxy". This will stop working in the next major version of npm.

> ludys-app-reconstructed@0.14.0-reconstructed.9 staging:validate:compiled
> node scripts/validate-wp13-12b-staging.mjs

file:///workspace/scratch/7893748eab4e/Ludys/scripts/wp13-12b-pinned-git-toolchain.mjs:61
  const error = new Error(code);
                ^

Error: PINNED_GIT_WINDOWS_RUNTIME_REQUIRED
    at gitToolchainError (file:///workspace/scratch/7893748eab4e/Ludys/scripts/wp13-12b-pinned-git-toolchain.mjs:61:17)
    at inspectPinnedGitRuntime (file:///workspace/scratch/7893748eab4e/Ludys/scripts/wp13-12b-pinned-git-toolchain.mjs:340:11)
    at adapter (file:///workspace/scratch/7893748eab4e/Ludys/scripts/wp13-12b-pinned-git-toolchain.mjs:726:5)
    at file:///workspace/scratch/7893748eab4e/Ludys/scripts/validate-wp13-12b-staging.mjs:57:54 {
  code: 'PINNED_GIT_WINDOWS_RUNTIME_REQUIRED'
}

Node.js v24.19.0
