npm warn Unknown env config "http-proxy". This will stop working in the next major version of npm.

> ludys-app-reconstructed@0.14.0-reconstructed.9 check
> npm run canon:check && npm run test:canon && npm run reconstruction && npm run lint && npm run architecture && npm run secret:scan && npm run build && npm run provider:package:check && npm run test:provider-runtime && npm run staging:generate:check && npm run external-activation:checksums:check && npm run test:compiled && npm run operations:validate:compiled && npm run provider:decision:validate:compiled && npm run staging:validate:compiled && npm run external-activation:validate:compiled && npm run test:provider-staging-operator-gates && npm run test:external-resource-operator && npm run test:external-cloud-control && npm run test:external-wif-control && npm run test:external-vercel-control && npm run test:external-vercel-risk-decision && npm run test:external-deploy-identity && npm run test:external-activation-gate && npm run test:external-activation-orchestrator && npm run test:emulator-proof-state && npm run test:emulator-confirmation && npm run test:receipt-integrity && npm run test:pinned-git-toolchain && npm run test:external-process-boundary && npm run test:external-preview && npm run test:browser-resolver && npm run test:browser-cleanup && npm run test:pwa-contract && npm run test:browser && npm run test:knowledge-browser && npm run test:readiness-browser && npm run test:lifecycle-browser && npm run test:app-browser && npm run test:pwa-browser && npm run test:corpus-browser && npm run test:authoring-browser && npm run test:provider-decision-browser && npm run test:exercises-browser

npm warn Unknown env config "http-proxy". This will stop working in the next major version of npm.

> ludys-app-reconstructed@0.14.0-reconstructed.9 canon:check
> node scripts/canon-check.mjs

Skynja canon verified: 9 source hashes, 50 principles, 20 retained rules, 9 migration workstreams; no runtime activation.
npm warn Unknown env config "http-proxy". This will stop working in the next major version of npm.

> ludys-app-reconstructed@0.14.0-reconstructed.9 test:canon
> node --test scripts/canon-check-test.mjs

✔ canon source alteration or a rewritten manifest is caught before rules can silently change (11.132584ms)
✔ dropping a principle or pretending adoption grants real-use activation is rejected (3.974437ms)
✔ dropping historical modules does not silently remove their proof constraints (3.251358ms)
✔ historical action/profile/multimodal restrictions stay scoped and do not resurrect as global product rules (0.672795ms)
✔ new modules still cannot grant pilot access, rank users or add unreviewed providers (0.544235ms)
ℹ tests 5
ℹ suites 0
ℹ pass 5
ℹ fail 0
ℹ cancelled 0
ℹ skipped 0
ℹ todo 0
ℹ duration_ms 94.755464
npm warn Unknown env config "http-proxy". This will stop working in the next major version of npm.

> ludys-app-reconstructed@0.14.0-reconstructed.9 reconstruction
> node scripts/reconstruction-check.mjs

Reconstruction identity and boundary check passed.
npm warn Unknown env config "http-proxy". This will stop working in the next major version of npm.

> ludys-app-reconstructed@0.14.0-reconstructed.9 lint
> node scripts/static-check.mjs

Static check passed: scoped historical proof and retained Skynja protections.
npm warn Unknown env config "http-proxy". This will stop working in the next major version of npm.

> ludys-app-reconstructed@0.14.0-reconstructed.9 architecture
> node scripts/architecture-check.mjs

Architecture boundary check passed.
npm warn Unknown env config "http-proxy". This will stop working in the next major version of npm.

> ludys-app-reconstructed@0.14.0-reconstructed.9 secret:scan
> node scripts/secret-scan.mjs

Secret scan passed.
npm warn Unknown env config "http-proxy". This will stop working in the next major version of npm.

> ludys-app-reconstructed@0.14.0-reconstructed.9 build
> npm run clean && tsc -p tsconfig.json

npm warn Unknown env config "http-proxy". This will stop working in the next major version of npm.

> ludys-app-reconstructed@0.14.0-reconstructed.9 clean
> node scripts/clean.mjs

npm warn Unknown env config "http-proxy". This will stop working in the next major version of npm.

> ludys-app-reconstructed@0.14.0-reconstructed.9 provider:package:check
> node scripts/build-wp13-12b-provider-package.mjs --check

WP13.12B provider package verified read-only (12 bound files); no filesystem or provider mutation executed.
npm warn Unknown env config "http-proxy". This will stop working in the next major version of npm.

> ludys-app-reconstructed@0.14.0-reconstructed.9 test:provider-runtime
> node scripts/provider-functions-runtime-test.mjs

WP13.12B Functions Framework runtime compatibility passed with uuid security override and zero external calls.
npm warn Unknown env config "http-proxy". This will stop working in the next major version of npm.

> ludys-app-reconstructed@0.14.0-reconstructed.9 staging:generate:check
> node scripts/generate-wp13-12b-staging.mjs --check

WP13.12B staging repository generation is deterministic and current (160 checksummed files).
npm warn Unknown env config "http-proxy". This will stop working in the next major version of npm.

> ludys-app-reconstructed@0.14.0-reconstructed.9 external-activation:checksums:check
> node scripts/wp13-12b-external-activation-checksums.mjs --check

WP13.12B external activation checksum coverage is deterministic and current (122 files).
npm warn Unknown env config "http-proxy". This will stop working in the next major version of npm.

> ludys-app-reconstructed@0.14.0-reconstructed.9 test:compiled
> node scripts/run-tests.mjs

✔ child projection never exposes adult card (1.458086ms)
✔ technical fixture registry is capped and explicitly non-production (1.265701ms)
✔ tracked WAV fixtures have deterministic PCM mono headers and checksums (5.433956ms)
✔ all eight WP13.8 activities become complete authoring packages (6.621161ms)
✔ BM and NN are mandatory explicit copies without fallback (0.721307ms)
✔ reference chains are complete and each package has six audio specifications (0.291672ms)
✔ learning dimensions describe tasks and never child types (0.442364ms)
✔ publication, external receipts, real data and runtime AI remain permanently closed (2.184861ms)
✔ authoring JSON is deterministic, versioned and path-free (1.341594ms)
✔ pure SHA-256 implementation matches a fixed official vector (0.166627ms)
✔ every B8 gate has evidence requirements (1.131423ms)
✔ candidate pilot envelope is small, session-bound and explicitly unauthorized (0.227006ms)
✔ critical stop rules cover control, privacy and false relational belief (0.403357ms)
✔ measurement plan requires no application logging (0.167267ms)
✔ current assessment exposes post-decision conditions separately (0.551055ms)
✔ official source register covers school ownership, DPIA, ethics and AI watch (0.185475ms)
✔ WP13.11 has exactly 27 semantic artifacts and 54 first-class language artifacts (6.416869ms)
✔ every artifact exposes the complete review and withdrawal contract (0.420212ms)
✔ participant-directed drafts are permanently explicit and unauthorized (0.311591ms)
✔ measurement and data boundaries are exhaustive and non-personal (0.255708ms)
✔ authorization remains at the adult-only maximum (0.198073ms)
✔ two new proposals extend the workshop without changing historical packages or learner corpus (20.14742ms)
✔ new BM/NN text, model-only scripts and references form four separate locale variants (0.624114ms)
✔ new proposals reject fabricated review, missing rationale and mixed-locale references (1.763949ms)
✔ new workshop proposals survive export, edit, import and withdrawal without approval (32.137516ms)
✔ BM and NN bundles are reference-closed and valid (1.780844ms)
✔ generic praise and relational claims are rejected (0.234117ms)
✔ audio contract rejects direct file-path extensions (0.426661ms)
✔ stimulus audio must require a human voice (0.192164ms)
✔ WP13.2 word proof definitions and content bundles are reference-closed (0.517245ms)
✔ WP13.8 corpus has exactly four classes, eight activities and two per class (1.165694ms)
✔ all activity IDs and fixed stimulus pairs remain unchanged (0.820203ms)
✔ BM and NN are exact editorial pairs without silent locale fallback (0.322858ms)
✔ every corpus object is draft, synthetic, externally review-gated and not student beta (1.963454ms)
✔ reference closure has no orphaned knowledge, context or audio objects (1.518025ms)
✔ all audio remains unrecorded, user-started, stoppable and silent-capable (0.285162ms)
✔ review decisions preserve larger-change and review-only boundaries (0.407673ms)
✔ three progression edges remain adult-controlled draft hypotheses (0.165435ms)
✔ the draft catalog contains 12 exercises, six kinds and 50 complete rounds in each language (9.382822ms)
✔ both earlier content proposals have five rounds and explicit source identities (0.641489ms)
✔ nynorsk has its own word, sentence and reading realizations with common semantic round ids (0.445488ms)
✔ judgment has multiple defensible choices and reading distinguishes unknown from false (0.347714ms)
✔ equivalent k tiles are interchangeable but the same tile cannot be reused (0.291742ms)
✔ missing locale, fake review, duplicate options and impossible compound answers fail validation (0.82497ms)
✔ WP13.3 release is reference-closed and within prototype size (2.195677ms)
✔ knowledge filters cover role, age, topic, need and time (0.509433ms)
✔ BM and NN variants share stable semantic IDs (0.495763ms)
✔ context card resolves to the same knowledge graph (0.270169ms)
✔ synthetic audio is explicitly internal review only (1.380561ms)
✔ spec-only audio uses reviewed text fallback (0.143002ms)
✔ vertical proof card points into the prototype graph (0.223381ms)
✔ withdrawn or stale audio cannot be previewed (0.694357ms)
✔ WP13.12A evaluates exactly the five mandatory provider options (1.57597ms)
✔ source-grounded recommendation is explicitly selected without opening provider activation (0.206075ms)
✔ region analysis re-verifies a co-located europe-north1 candidate without locking it (0.132887ms)
✔ owner decision is bound to the source package and preserves every approved scope ceiling (0.214778ms)
✔ all capability models are explicit and the recommendation creates no account identity (0.154278ms)
✔ dataflow and trust boundaries are complete and provider-free pure core remains explicit (0.164934ms)
✔ all prohibited data classes are NOT_COLLECTED and NOT_AUTHORIZED (0.1693ms)
✔ threat and no-go registers are exhaustive (0.265683ms)
✔ BM and NN are separate complete review-required bundles without fallback (2.344507ms)
✔ all official sources are current primary URLs with explicit decision limits (0.23657ms)
✔ STOP, explicit deletion and no-resurrection dominate TTL and backup (0.22353ms)
✔ current WP13.4 dossier is not decision-ready and authorizes nothing (1.119976ms)
✔ all decision requirements can only make dossier decision-ready for owner (0.457687ms)
✔ triggered reopen signal dominates otherwise satisfied evidence (1.051365ms)
✔ duplicate requirement ids are rejected (0.430206ms)
✔ duplicate artifact type and missing artifact fail closed (7.142763ms)
✔ missing NB, missing NN and locale parity mismatch fail closed (5.134203ms)
✔ student-approved draft and fabricated receipt fail closed (2.298058ms)
✔ student beta, recruitment, provider and production authorization fail closed (5.357863ms)
✔ student, engagement-like and readiness-like metrics cannot enter the allowed dictionary (4.297455ms)
✔ identifierguard rejects likely identifiers before storage (1.743007ms)
✔ provider decision validator rejects missing provider option (12.090089ms)
✔ provider decision validator rejects duplicate optionId (0.851459ms)
✔ provider decision validator rejects missing recommendation (0.783979ms)
✔ provider decision validator rejects multiple recommendations (0.728787ms)
✔ provider decision validator rejects recommendation without source (1.126746ms)
✔ provider decision validator rejects source without reverification marker (3.83407ms)
✔ provider decision validator rejects missing region analysis (1.440751ms)
✔ provider decision validator rejects executed region lock (0.855375ms)
✔ provider decision validator rejects missing capability option (0.748788ms)
✔ provider decision validator rejects stable identity in recommended option (0.787254ms)
✔ provider decision validator rejects direct client write (0.592907ms)
✔ provider decision validator rejects client-selected authority generation (0.493099ms)
✔ provider decision validator rejects real data in model (0.561851ms)
✔ provider decision validator rejects analytics activated (0.509754ms)
✔ provider decision validator rejects Cloud Storage activated (0.527711ms)
✔ provider decision validator rejects browser secret (0.706264ms)
✔ provider decision validator rejects request body logging (0.511867ms)
✔ provider decision validator rejects capability logging (0.612726ms)
✔ provider decision validator rejects TTL as immediate deletion (0.501872ms)
✔ provider decision validator rejects missing explicit deletion (0.559537ms)
✔ provider decision validator rejects missing tombstone (1.558645ms)
✔ provider decision validator rejects no-resurrection broken (0.493039ms)
✔ provider decision validator rejects overbroad service account (0.452369ms)
✔ provider decision validator rejects cost estimate as guarantee (0.449054ms)
✔ provider decision validator rejects billing alert as hard cap (0.456305ms)
✔ provider decision validator rejects missing kill switch owner field (0.471718ms)
✔ provider decision validator rejects missing exit plan (0.431849ms)
✔ provider decision validator rejects missing no-go (0.429275ms)
✔ provider decision validator rejects missing BM (0.514251ms)
✔ provider decision validator rejects missing NN (0.77771ms)
✔ provider decision validator rejects BM/NN status mismatch (1.329927ms)
✔ provider decision validator rejects missing explicit owner confirmation (1.164492ms)
✔ provider decision validator rejects wrong selected provider (0.997054ms)
✔ provider decision validator rejects missing approved boundary (1.439669ms)
✔ provider decision validator rejects WP13.12B opened by decision record (1.048481ms)
✔ provider decision validator rejects fabricated signature (1.007319ms)
✔ provider decision validator rejects provider activated (1.729958ms)
✔ provider decision validator rejects cloud resources greater than zero (0.491046ms)
✔ provider decision validator rejects B8 approved (0.443015ms)
✔ provider decision validator rejects student beta authorized (0.579567ms)
✔ provider decision validator rejects production authorized (0.64235ms)
✔ provider decision validator rejects WP13.12B opened (0.481532ms)
✔ valid package returns the exact machine-readable authorization ceiling (0.981421ms)
✔ app, content, knowledge, audio, operations and provider decision rollback independently (1.766853ms)
✔ withdrawn, unknown, incompatible and no-op rollback fail closed (0.325742ms)
✔ command envelope rejects duplicate, stale version, stale authority and delay without state mutation (2.457424ms)
✔ central state invariants reject corrupt terminal, pause, quiet, audio and support combinations (0.409926ms)
✔ valid Human-First sequence preserves WAIT, adult authority, quiet audio and STOP dominance (0.920802ms)
✔ seeded deterministic chaos validates invariants after 4096 command attempts (37.713282ms)
✔ lifecycle transition is deterministic for every state and event pair (3.794912ms)
✔ all required lifecycle states are reachable through explicit events (0.31095ms)
✔ rejected events return a typed visible error and never mutate state (0.479219ms)
✔ STOPPED cannot become ACTIVE again (0.165885ms)
✔ DELETED rejects every event and can never be revived (0.429204ms)
✔ recovery cannot bypass terminal dominance (0.410537ms)
✔ pause and WAIT retain explicit deterministic resume semantics (0.170362ms)
✔ valid owner decision authorizes repository work without provider activation (4.189465ms)
✔ missing owner-decision record fails closed (0.357789ms)
✔ wrong owner-decision checksum and source package checksum fail closed (0.157553ms)
✔ DEFER cannot authorize WP13.12B repository implementation (0.237641ms)
✔ REJECT cannot authorize WP13.12B repository implementation (0.370157ms)
✔ UNKNOWN cannot authorize WP13.12B repository implementation (0.111695ms)
✔ incomplete decision, fabricated signature and wrong release binding fail closed (0.230841ms)
✔ missing or contradictory owner conditions and automatic activation fail closed (0.183451ms)
✔ provider activation, cloud resources, B8, student beta and production fail closed (0.422626ms)
✔ valid staging repository contract preserves every scope ceiling (0.348466ms)
✔ staging validator rejects providerActivation=ACTIVE (0.278342ms)
✔ staging validator rejects cloudResources=1 (0.102201ms)
✔ staging validator rejects firebaseAuthentication=true (0.224923ms)
✔ staging validator rejects stableUid=true (0.096733ms)
✔ staging validator rejects directClientWrite=true (0.080669ms)
✔ staging validator rejects providerIsolation=false (0.063314ms)
✔ staging validator rejects pureCoreProviderFree=false (0.054221ms)
✔ staging validator rejects firestoreRulesDenyByDefault=false (0.052167ms)
✔ staging validator rejects serverAuthoritativeHandler=false (0.052728ms)
✔ staging validator rejects capabilityBearerOnly=false (0.055713ms)
✔ staging validator rejects explicitDeletion=false (0.051747ms)
✔ staging validator rejects tombstone=false (0.052348ms)
✔ staging validator rejects ttlBackstopOnly=false (0.235959ms)
✔ staging validator rejects backupAndPitrEnabled=true (0.104415ms)
✔ staging validator rejects killSwitch=false (3.938244ms)
✔ staging validator rejects noResurrection=false (0.073178ms)
✔ staging validator rejects roleProjectionIsolation=false (0.054381ms)
✔ staging validator rejects syntheticDataOnly=false (0.075452ms)
✔ staging validator rejects runtimeAi=true (0.052507ms)
✔ staging validator rejects externalReceipts=1 (0.049152ms)
✔ staging validator rejects physicalTwoDeviceProof=true (0.043695ms)
✔ staging validator rejects b8=APPROVED (0.042013ms)
✔ staging validator rejects studentBeta=AUTHORIZED (0.04008ms)
✔ staging validator rejects production=AUTHORIZED (0.042122ms)
✔ staging validator rejects wp13_12c=OPEN (0.497796ms)
✔ staging validator rejects missing no-go rules (0.133498ms)
✔ unfilled receipt template is valid structure but never evidence (0.62915ms)
✔ authentic receipt is bound to its explicit source commit and tree rather than current HEAD (0.522012ms)
✔ receipt rejects a wrong source tree and non-path artifact aliases (2.920349ms)
✔ filled receipt without signature, commands, hashes or provider ID is rejected (0.415074ms)
✔ filled receipts require nonempty proofResults whose values are true (0.717861ms)
✔ Firebase receipt binds exact project, region, functions and disabled-first safety proof (0.765202ms)
✔ IAM and billing receipt binds 400/500 NOK, owner, expiry, quotas, roles, keys and secret (1.770177ms)
✔ protected preview receipt binds exact protected non-production deployment and rollback (1.041941ms)
✔ provider receipt confirmation cannot be generic, reused or detached from evidence (0.260114ms)
✔ only exact v2 emulator challenge confirmation qualifies as challenge-bound (10.148247ms)
✔ receipt bound to wrong commit or claiming physical proof without devices is rejected (0.848685ms)
✔ complete physical receipt requires two distinct CHILD and ADULT devices and safety proof (1.163536ms)
✔ physical proof binds a distinct deletion session and each exact step scope (1.997815ms)
✔ physical proof binds a distinct known-valid rollback deployment and evidence (0.508312ms)
✔ physical PR3 families require exact protected-preview receipt and evidence binding (2.203749ms)
✔ physical handoff template documents the exact 27-step proof sequence (0.31093ms)
✔ physical receipt rejects empty device shells, duplicate roles and indistinguishable records (0.611344ms)
✔ physical device distinctness uses ephemeral evidence IDs, never timestamps (0.222489ms)
✔ physical devices bind one session/deployment and never record capability values (1.163771ms)
✔ physical receipt rejects a hollow checksum, fixture, preview, steps or confirmation (3.628787ms)
✔ physical proof requires adult operators, no participants and physically separate devices (0.583403ms)
✔ physical proof rejects missing, duplicate and unknown documented steps (0.483375ms)
✔ physical proof checksum and confirmation bind the exact evidence artifact (3.055459ms)
✔ physical receipt requires every role, lifecycle and safety result to be true (1.795065ms)
✔ physicalProof=true and expected physical proof both require the physical receipt type (0.243681ms)
✔ receipt cannot open B8, authorize beta/production or claim fabricated status (0.284951ms)
✔ external activation overlay preserves the historical repository snapshot (0.502192ms)
✔ historical emulator evidence cannot substitute for fresh v2 receipt evidence (0.299914ms)
✔ active external overlay requires all four authentic validated receipt types (0.859711ms)
✔ recorded physical overlay proof requires an authentically validated physical receipt (0.181318ms)
✔ PR3 remains not achieved until every exact proof family is receipt-derived (0.228038ms)
✔ PR3 is achieved iff the complete exact proof-family set validates (0.242789ms)
✔ external activation overlay cannot rewrite baseline or turn unknown inventory into zero (0.193637ms)
✔ pending external resource inventory is valid without claiming zero resources (0.356086ms)
✔ resource inventory schema allowlists the exact authenticated resource fields (0.100138ms)
✔ pending inventory rejects invented resources and provider observation claims (0.37847ms)
✔ authenticated inventory accepts only the complete synthetic resource contract (0.18959ms)
✔ authenticated inventory requires every exact resource field (1.051706ms)
✔ authenticated inventory rejects legacy, extra and secret-bearing fields (0.260015ms)
✔ authenticated inventory rejects duplicate resource IDs and unsafe paths (5.997098ms)
✔ authenticated inventory requires real ISO timestamps and immutable safety declarations (0.18937ms)
✔ same state and command produce identical transition (3.916813ms)
✔ one command creates at most one pedagogical intervention (0.400782ms)
✔ state contains no stable person identity (0.248948ms)
✔ synthetic multi-client uses one authoritative session with separate role projections (1.90716ms)
✔ WAIT is first-class and produces no adult card (0.302157ms)
✔ help creates an adult-only card without leaking it to child projection (0.31142ms)
✔ stale version, stale authority, duplicate and delayed commands never mutate stateversion (0.497516ms)
✔ STOP dominates delayed commands, clears help/audio and prevents resurrection (0.344379ms)
✔ explicit deletion creates terminal state and reconnect cannot resurrect (0.362657ms)
✔ synthetic aggregate contains no stable person identity or forbidden participant data (0.279724ms)
✔ wrong build resets tiles without inferring cause or emotion (2.146224ms)
✔ correct target requires adult confirmation before transfer (0.238543ms)
✔ independent target and transfer preserve evidence distinction (0.319702ms)
✔ support in current task prevents independent evidence (0.264281ms)
✔ stop clears selected material and is terminal (0.31124ms)
✔ controller starts with eight selectable source packages and no session mutation (5.920565ms)
✔ complete draft can be cloned to a new semantic activity ID (6.41771ms)
✔ BM and NN edits remain separate and mark only relevant audio stale (7.293466ms)
✔ audio script revision creates stale audio with a new script checksum (7.114722ms)
✔ clone, edit, deterministic export and validated import round-trip (9.921392ms)
✔ invalid imports cannot bypass schema, publishing, receipt or provider boundaries (34.596442ms)
✔ local signature is traceable but never an external receipt (4.727051ms)
✔ REVIEW_PENDING means handoff readiness and never approval (5.628634ms)
✔ technical take attachment and replacement stay non-production and unreviewed (10.085886ms)
✔ STOP interrupts audio and withdrawal removes every active take (13.593493ms)
✔ restrictive policy survives weaker updates and cannot resurrect package or audio (7.930838ms)
✔ B8 readiness view starts with all gates and no implicit authorization (1.58266ms)
✔ gate selection changes projection without changing the dossier (2.963363ms)
✔ adult-only local finding is accepted while likely PII is never stored (3.909602ms)
✔ STOP dominates pending help and a new explicit dry-run is required (2.811918ms)
✔ SEV0 contains the run, removes findings and blocks continuation (0.922163ms)
✔ deletion and reconnect preserve no-resurrection and remove records from new export (11.36679ms)
✔ identical input produces identical local review exports (2.053747ms)
✔ operations rollback is independent and withdrawn operations fail closed (0.461142ms)
✔ withdrawn artifact cannot be selected and NB/NN render independently (3.112533ms)
✔ CHANGES_REQUIRED is blocked in normal mode and selectable in review mode (4.196465ms)
✔ target, modelled practice, supported retry and transfer are separate evidence events (1.209639ms)
✔ withdrawn, stale and superseded activities cannot run (1.116111ms)
✔ class lifecycle dominates activity lifecycle and restrictions cannot resurrect content (0.684212ms)
✔ STOP interrupts requested audio specification and pending feedback (0.544425ms)
✔ every normal-mode eligible activity completes in both BM and NN (2.338628ms)
✔ every eligible activity completes through the authoritative app session in BM and NN (22.117603ms)
✔ a learner can retry a choice, use support, skip and complete without an ability score (4.788702ms)
✔ pause freezes the task, choices and language until an explicit resume (0.64945ms)
✔ STOP clears the attempt and late answers, resume and next cannot resurrect it (1.167457ms)
✔ restrictions follow a proposal into this room, stop active work and cannot be undone by an empty policy (0.640507ms)
✔ a reasonable choice and an explicit lack of information both permit reflection and progress (0.628519ms)
✔ catalog filters, keyboard controls, draft status and explicit nynorsk copy are rendered (2.243738ms)
✔ a shared policy routes new IDs without admitting unknown IDs or weakening legacy scope validation (1.056292ms)
✔ session issuance is IAM/operator protected and disabled by default (2.296366ms)
✔ issued CHILD and ADULT capabilities are short-lived, separate, opaque and session-bound (2.508069ms)
✔ capability is accepted only in Authorization Bearer and rejected in URL or body (2.030704ms)
✔ wrong role, wrong session, stale version and stale authority fail without mutation (4.687342ms)
✔ duplicate command and delayed command are rejected (1.644141ms)
✔ STOP revokes both role capabilities and dominates delayed commands (2.804087ms)
✔ explicit deletion writes tombstone, removes active payload and prevents reconnect resurrection (0.943205ms)
✔ kill switch blocks active session, delayed command, reconnect, cached capability and new session (0.800334ms)
✔ expired capability is rejected (0.533679ms)
✔ external runtime fails closed at the exact staging expiry while privileged deletion remains available (0.921343ms)
✔ command budget is enforced without changing state after exhaustion (7.133259ms)
✔ health reports the runtime phase and preserves all external staging ceilings (1.27159ms)
✔ HF-S01 WAIT produces no intervention (2.326851ms)
✔ HF-S02 REQUEST_QUIET suppresses audio without profiling (0.39209ms)
✔ HF-S03 adult can reject a card (0.235458ms)
✔ HF-S04 context correction stays session-bound (0.229649ms)
✔ HF-S05 stop dominates cards and audio (0.25007ms)
✔ HF-S06 support provenance cannot become independent evidence (0.247316ms)
✔ HF-S07 pause or timing never creates emotion inference (0.406871ms)
✔ HF-S08 human voice is a reviewed asset, not a persona (0.271832ms)
✔ HF-S09 BM and NN require exact locale resolution (0.328996ms)
✔ HF-S10 deleted session cannot be resurrected (0.323628ms)
✔ HF-S11 pause and stop remain explicit accessible commands (0.198724ms)
✔ HF-S12 repository has no runtime AI or provider dependency (7.839974ms)
✔ knowledge library defaults to twelve bilingual prototype units (1.679844ms)
✔ knowledge library filtering does not create a profile (0.583994ms)
✔ locale switch preserves semantic inventory and resets selection (0.438007ms)
✔ decision controller starts with the recorded decision and five visible options (2.472906ms)
✔ BM and NN switch explicitly and reject missing locale without fallback (0.915874ms)
✔ selected option comparison does not alter recommendation or authorization (0.653596ms)
✔ dossier export is deterministic and retains the authorization ceiling (40.868037ms)
✔ owner template export remains blank and contains no fabricated decision or signature (0.558396ms)
✔ BM and NN PWA status bundles are complete, reviewed and never claim sync (2.10275ms)
✔ updates are available only before start or in terminal session states (0.319082ms)
✔ offline shell policy cannot resurrect terminal state or reuse a new session id (10.774413ms)
✔ empty, malformed, invalid-shape and stale-schema storage fail closed (1.756157ms)
✔ content, reference and BM/NN mismatches invalidate without fallback (0.550114ms)
✔ missing, stale, withdrawn and invalid audio use explicit text-and-silence fallback (1.140867ms)
✔ broken invariants invalidate and terminal snapshots never resurrect on refresh (0.383467ms)
✔ runtime boundary stops audio and pending actions for every critical browser failure (0.555802ms)
✔ authoritative lifecycle controller enforces envelope idempotency, version, authority and time (2.046847ms)
✔ stale authority cannot cross STOP and delayed commands cannot resurrect (0.530635ms)
✔ full synthetic create, active, WAIT, pause, resume and completion scenario (2.592173ms)
✔ reconnect after STOP keeps the stopped projection (0.749789ms)
✔ reconnect after delete returns tombstone and no session content (0.404879ms)
✔ child and adult projections expose only role-authorized fields (0.289378ms)
✔ invalid controller transition is visible, typed and state-preserving (0.247946ms)
✔ stale snapshots cannot overwrite newer STOP or DELETE (1.053378ms)
✔ deterministic reconnect adapter simulates latency and every required outcome (0.35201ms)
✔ invalid payload and recovery success or failure remain explicit (0.326734ms)
✔ transport invalid payload creates visible INVALID view without network (0.441453ms)
✔ all lifecycle demo data and BM/NN markup are explicitly synthetic drafts (0.778722ms)
✔ limited evidence may be authorized within scope without becoming product validation; counterevidence stays visible (2.186523ms)
✔ strong evidence, a reviewed text, or a fabricated flag cannot replace a scoped runtime use decision (0.27044ms)
✔ missing, withdrawn, ambiguous and mismatched revisions fail closed throughout the evidence chain (0.328776ms)
✔ model memory, open-web fallback, user data and situational data cannot masquerade as domain library sources (0.197762ms)
✔ claim withdrawal, revocation, stale verification and malformed time prevent knowledge use (0.31131ms)
✔ UI language and dialect do not choose the written variant; missing NN review never falls back to BM (0.402305ms)
✔ selector gets a copy; the only delivered prose comes from the controlled library (0.919289ms)
✔ invented citations, prose, duplicate selections and extra model fields are rejected (1.044745ms)
✔ a knowledge gap abstains before selection; no fallback provider or web search is called (1.011265ms)
✔ stop before or during selection prevents a late answer even when the selector ignores cancellation (0.535692ms)
✔ revocation or changed library content while selection runs prevents stale or resurrected output (2.966271ms)
✔ stop immediately releases the caller even when selection never settles (0.372081ms)
✔ library or selector failure returns abstention without leaking errors or activating another source (0.482113ms)
✔ normal journey exposes welcome, explicit creation, role loading and orientation (3.544853ms)
✔ child and adult are restricted projections of one authoritative session (4.017887ms)
✔ WAIT, help, dismissible adult card, visible provenance, quiet, pause and resume work (0.817759ms)
✔ full word journey completes with a neutral summary (1.202629ms)
✔ STOP and delete dominate reconnect while a new session has no leaked state (2.367281ms)
✔ stale recovery returns to the same active local session (0.915243ms)
✔ BM and NN are explicit complete bundles without fallback (2.422412ms)
✔ child and adult projections share one authoritative snapshot (3.235245ms)
✔ adult WAIT dismisses card without creating support provenance (0.286474ms)
✔ adult model is recorded and target cannot become independent (0.291732ms)
✔ independent target followed by independent new word becomes near transfer (0.513179ms)
✔ quiet mode blocks audio while reviewed text remains (0.869266ms)
✔ stop dominates both session and learning proof (0.176291ms)
ℹ tests 333
ℹ suites 0
ℹ pass 333
ℹ fail 0
ℹ cancelled 0
ℹ skipped 0
ℹ todo 0
ℹ duration_ms 786.136945
npm warn Unknown env config "http-proxy". This will stop working in the next major version of npm.

> ludys-app-reconstructed@0.14.0-reconstructed.9 operations:validate:compiled
> node scripts/validate-wp13-11-operations.mjs

{
  "valid": true,
  "errors": [],
  "warnings": [],
  "readiness": "READY_FOR_ADULT_ONLY_DRY_RUN",
  "studentBetaAuthorized": false,
  "externalReceipts": 0,
  "semanticArtifactCount": 27,
  "languageArtifactCount": 54
}
npm warn Unknown env config "http-proxy". This will stop working in the next major version of npm.

> ludys-app-reconstructed@0.14.0-reconstructed.9 provider:decision:validate:compiled
> node scripts/validate-wp13-12a-decision.mjs

{
  "valid": true,
  "errors": [],
  "warnings": [],
  "packageStatus": "OWNER_DECISION_RECORDED",
  "ownerDecision": "APPROVE_RECOMMENDED_SYNTHETIC_DEV",
  "providerActivation": "BLOCKED",
  "cloudResources": 0,
  "externalReceipts": 0,
  "studentBetaAuthorized": false
}
npm warn Unknown env config "http-proxy". This will stop working in the next major version of npm.

> ludys-app-reconstructed@0.14.0-reconstructed.9 staging:validate:compiled
> node scripts/validate-wp13-12b-staging.mjs

file:///workspace/scratch/7893748eab4e/Ludys/scripts/wp13-12b-pinned-git-toolchain.mjs:61
  const error = new Error(code);
                ^

Error: PINNED_GIT_WINDOWS_RUNTIME_REQUIRED
    at gitToolchainError (file:///workspace/scratch/7893748eab4e/Ludys/scripts/wp13-12b-pinned-git-toolchain.mjs:61:17)
    at inspectPinnedGitRuntime (file:///workspace/scratch/7893748eab4e/Ludys/scripts/wp13-12b-pinned-git-toolchain.mjs:340:11)
    at adapter (file:///workspace/scratch/7893748eab4e/Ludys/scripts/wp13-12b-pinned-git-toolchain.mjs:726:5)
    at file:///workspace/scratch/7893748eab4e/Ludys/scripts/validate-wp13-12b-staging.mjs:57:54 {
  code: 'PINNED_GIT_WINDOWS_RUNTIME_REQUIRED'
}

Node.js v24.19.0
